AR procesador2 arq_procesador2 D:/Proyectos_Xilinx/Procesador5_SinConexxion/procesador2.vhd sub00/vhpl29 1527453502
EN psr NULL D:/Proyectos_Xilinx/Procesador5_SinConexxion/PSR.vhd sub00/vhpl20 1527453493
EN windowsmanager NULL D:/Proyectos_Xilinx/Procesador5_SinConexxion/WindowsManager.vhd sub00/vhpl22 1527453495
AR instruction_memory_im behavioral D:/Proyectos_Xilinx/Procesador5_SinConexxion/instruction_memory_IM.vhd sub00/vhpl07 1527453480
AR npc behavioral D:/Proyectos_Xilinx/Procesador5_SinConexxion/nPc.vhd sub00/vhpl03 1527453476
AR mux_multiplexor behavioral D:/Proyectos_Xilinx/Procesador5_SinConexxion/MUX_multiplexor.vhd sub00/vhpl13 1527453486
AR sumador behavioral D:/Proyectos_Xilinx/Procesador5_SinConexxion/sumador.vhd sub00/vhpl01 1527453474
AR register_file_rf behavioral D:/Proyectos_Xilinx/Procesador5_SinConexxion/register_file_RF.vhd sub00/vhpl11 1527453484
EN muxo NULL D:/Proyectos_Xilinx/Procesador5_SinConexxion/Muxo.vhd sub00/vhpl26 1527453499
EN register_file_rf NULL D:/Proyectos_Xilinx/Procesador5_SinConexxion/register_file_RF.vhd sub00/vhpl10 1527453483
AR psr_modifier behavioral D:/Proyectos_Xilinx/Procesador5_SinConexxion/PSR_modifier.vhd sub00/vhpl19 1527453492
AR muxo arq_muxo D:/Proyectos_Xilinx/Procesador5_SinConexxion/Muxo.vhd sub00/vhpl27 1527453500
AR uc behavioral D:/Proyectos_Xilinx/Procesador5_SinConexxion/UC.vhd sub00/vhpl09 1527453482
EN uc NULL D:/Proyectos_Xilinx/Procesador5_SinConexxion/UC.vhd sub00/vhpl08 1527453481
EN procesador2 NULL D:/Proyectos_Xilinx/Procesador5_SinConexxion/procesador2.vhd sub00/vhpl28 1527453501
AR psr behavioral D:/Proyectos_Xilinx/Procesador5_SinConexxion/PSR.vhd sub00/vhpl21 1527453494
EN npc NULL D:/Proyectos_Xilinx/Procesador5_SinConexxion/nPc.vhd sub00/vhpl02 1527453475
EN psr_modifier NULL D:/Proyectos_Xilinx/Procesador5_SinConexxion/PSR_modifier.vhd sub00/vhpl18 1527453491
EN instruction_memory_im NULL D:/Proyectos_Xilinx/Procesador5_SinConexxion/instruction_memory_IM.vhd sub00/vhpl06 1527453479
EN progam_counter_pc NULL D:/Proyectos_Xilinx/Procesador5_SinConexxion/progam_counter_PC.vhd sub00/vhpl04 1527453477
AR seu_unidad_extension_signo behavioral D:/Proyectos_Xilinx/Procesador5_SinConexxion/SEU_unidad_extension_signo.vhd sub00/vhpl15 1527453488
AR alu behavioral D:/Proyectos_Xilinx/Procesador5_SinConexxion/ALU.vhd sub00/vhpl17 1527453490
EN datamemory NULL D:/Proyectos_Xilinx/Procesador5_SinConexxion/DataMemory.vhd sub00/vhpl24 1527453497
AR datamemory arq_datamemory D:/Proyectos_Xilinx/Procesador5_SinConexxion/DataMemory.vhd sub00/vhpl25 1527453498
AR windowsmanager arq_wm D:/Proyectos_Xilinx/Procesador5_SinConexxion/WindowsManager.vhd sub00/vhpl23 1527453496
EN sumador NULL D:/Proyectos_Xilinx/Procesador5_SinConexxion/sumador.vhd sub00/vhpl00 1527453473
AR progam_counter_pc behavioral D:/Proyectos_Xilinx/Procesador5_SinConexxion/progam_counter_PC.vhd sub00/vhpl05 1527453478
EN seu_unidad_extension_signo NULL D:/Proyectos_Xilinx/Procesador5_SinConexxion/SEU_unidad_extension_signo.vhd sub00/vhpl14 1527453487
EN alu NULL D:/Proyectos_Xilinx/Procesador5_SinConexxion/ALU.vhd sub00/vhpl16 1527453489
EN mux_multiplexor NULL D:/Proyectos_Xilinx/Procesador5_SinConexxion/MUX_multiplexor.vhd sub00/vhpl12 1527453485
