V3 59
FL D:/Proyectos_Xilinx/Procesador5_SinConexxion/ALU.vhd 2018/05/24.15:31:19 P.58f
EN work/ALU 1527453489 FL D:/Proyectos_Xilinx/Procesador5_SinConexxion/ALU.vhd \
      PB ieee/std_logic_1164 1364358218 PB ieee/std_logic_arith 1364358219 \
      PB ieee/STD_LOGIC_UNSIGNED 1364358221 PB ieee/NUMERIC_STD 1364358223
AR work/ALU/Behavioral 1527453490 \
      FL D:/Proyectos_Xilinx/Procesador5_SinConexxion/ALU.vhd EN work/ALU 1527453489
FL D:/Proyectos_Xilinx/Procesador5_SinConexxion/DataMemory.vhd 2018/05/24.19:48:29 P.58f
EN work/DataMemory 1527453497 \
      FL D:/Proyectos_Xilinx/Procesador5_SinConexxion/DataMemory.vhd \
      PB ieee/std_logic_1164 1364358218 PB ieee/std_logic_arith 1364358219 \
      PB ieee/STD_LOGIC_UNSIGNED 1364358221
AR work/DataMemory/arq_DataMemory 1527453498 \
      FL D:/Proyectos_Xilinx/Procesador5_SinConexxion/DataMemory.vhd \
      EN work/DataMemory 1527453497
FL D:/Proyectos_Xilinx/Procesador5_SinConexxion/instruction_memory_IM.vhd 2018/05/27.14:52:39 P.58f
EN work/instruction_memory_IM 1527453479 \
      FL D:/Proyectos_Xilinx/Procesador5_SinConexxion/instruction_memory_IM.vhd \
      PB ieee/std_logic_1164 1364358218 PB ieee/STD_LOGIC_UNSIGNED 1364358221 \
      PB std/TEXTIO 1364358218
AR work/instruction_memory_IM/Behavioral 1527453480 \
      FL D:/Proyectos_Xilinx/Procesador5_SinConexxion/instruction_memory_IM.vhd \
      EN work/instruction_memory_IM 1527453479
FL D:/Proyectos_Xilinx/Procesador5_SinConexxion/Muxo.vhd 2018/05/27.15:26:21 P.58f
EN work/Muxo 1527453499 FL D:/Proyectos_Xilinx/Procesador5_SinConexxion/Muxo.vhd \
      PB ieee/std_logic_1164 1364358218
AR work/Muxo/arq_muxo 1527453500 \
      FL D:/Proyectos_Xilinx/Procesador5_SinConexxion/Muxo.vhd EN work/Muxo 1527453499
FL D:/Proyectos_Xilinx/Procesador5_SinConexxion/MUX_multiplexor.vhd 2018/04/16.23:27:23 P.58f
EN work/MUX_multiplexor 1527453485 \
      FL D:/Proyectos_Xilinx/Procesador5_SinConexxion/MUX_multiplexor.vhd \
      PB ieee/std_logic_1164 1364358218
AR work/MUX_multiplexor/Behavioral 1527453486 \
      FL D:/Proyectos_Xilinx/Procesador5_SinConexxion/MUX_multiplexor.vhd \
      EN work/MUX_multiplexor 1527453485
FL D:/Proyectos_Xilinx/Procesador5_SinConexxion/nPc.vhd 2018/04/23.20:58:52 P.58f
EN work/nPc 1527453475 FL D:/Proyectos_Xilinx/Procesador5_SinConexxion/nPc.vhd \
      PB ieee/std_logic_1164 1364358218
AR work/nPc/Behavioral 1527453476 \
      FL D:/Proyectos_Xilinx/Procesador5_SinConexxion/nPc.vhd EN work/nPc 1527453475
FL D:/Proyectos_Xilinx/Procesador5_SinConexxion/procesador2.vhd 2018/05/24.19:19:20 P.58f
EN work/procesador2 1527453501 \
      FL D:/Proyectos_Xilinx/Procesador5_SinConexxion/procesador2.vhd \
      PB ieee/std_logic_1164 1364358218
AR work/procesador2/arq_Procesador2 1527453502 \
      FL D:/Proyectos_Xilinx/Procesador5_SinConexxion/procesador2.vhd \
      EN work/procesador2 1527453501 CP sumador CP nPc CP progam_counter_PC \
      CP instruction_memory_IM CP UC CP register_file_RF CP MUX_multiplexor \
      CP SEU_unidad_extension_signo CP ALU CP PSR_modifier CP PSR CP WindowsManager \
      CP DataMemory CP Muxo
FL D:/Proyectos_Xilinx/Procesador5_SinConexxion/progam_counter_PC.vhd 2018/04/24.16:30:25 P.58f
EN work/progam_counter_PC 1527453477 \
      FL D:/Proyectos_Xilinx/Procesador5_SinConexxion/progam_counter_PC.vhd \
      PB ieee/std_logic_1164 1364358218
AR work/progam_counter_PC/Behavioral 1527453478 \
      FL D:/Proyectos_Xilinx/Procesador5_SinConexxion/progam_counter_PC.vhd \
      EN work/progam_counter_PC 1527453477
FL D:/Proyectos_Xilinx/Procesador5_SinConexxion/PSR.vhd 2018/05/14.18:49:21 P.58f
EN work/PSR 1527453493 FL D:/Proyectos_Xilinx/Procesador5_SinConexxion/PSR.vhd \
      PB ieee/std_logic_1164 1364358218
AR work/PSR/Behavioral 1527453494 \
      FL D:/Proyectos_Xilinx/Procesador5_SinConexxion/PSR.vhd EN work/PSR 1527453493
FL D:/Proyectos_Xilinx/Procesador5_SinConexxion/PSR_modifier.vhd 2018/05/07.19:45:56 P.58f
EN work/PSR_modifier 1527453491 \
      FL D:/Proyectos_Xilinx/Procesador5_SinConexxion/PSR_modifier.vhd \
      PB ieee/std_logic_1164 1364358218
AR work/PSR_modifier/Behavioral 1527453492 \
      FL D:/Proyectos_Xilinx/Procesador5_SinConexxion/PSR_modifier.vhd \
      EN work/PSR_modifier 1527453491
FL D:/Proyectos_Xilinx/Procesador5_SinConexxion/register_file_RF.vhd 2018/05/24.15:50:52 P.58f
EN work/register_file_RF 1527453483 \
      FL D:/Proyectos_Xilinx/Procesador5_SinConexxion/register_file_RF.vhd \
      PB ieee/std_logic_1164 1364358218 PB ieee/STD_LOGIC_UNSIGNED 1364358221
AR work/register_file_RF/Behavioral 1527453484 \
      FL D:/Proyectos_Xilinx/Procesador5_SinConexxion/register_file_RF.vhd \
      EN work/register_file_RF 1527453483
FL D:/Proyectos_Xilinx/Procesador5_SinConexxion/SEU_unidad_extension_signo.vhd 2018/04/17.13:30:57 P.58f
EN work/SEU_unidad_extension_signo 1527453487 \
      FL D:/Proyectos_Xilinx/Procesador5_SinConexxion/SEU_unidad_extension_signo.vhd \
      PB ieee/std_logic_1164 1364358218
AR work/SEU_unidad_extension_signo/Behavioral 1527453488 \
      FL D:/Proyectos_Xilinx/Procesador5_SinConexxion/SEU_unidad_extension_signo.vhd \
      EN work/SEU_unidad_extension_signo 1527453487
FL D:/Proyectos_Xilinx/Procesador5_SinConexxion/sumador.vhd 2018/04/09.23:22:34 P.58f
EN work/sumador 1527453473 \
      FL D:/Proyectos_Xilinx/Procesador5_SinConexxion/sumador.vhd \
      PB ieee/std_logic_1164 1364358218 PB ieee/NUMERIC_STD 1364358223 \
      PB ieee/STD_LOGIC_UNSIGNED 1364358221
AR work/sumador/Behavioral 1527453474 \
      FL D:/Proyectos_Xilinx/Procesador5_SinConexxion/sumador.vhd EN work/sumador 1527453473
FL D:/Proyectos_Xilinx/Procesador5_SinConexxion/UC.vhd 2018/05/24.15:20:20 P.58f
EN work/UC 1527453481 FL D:/Proyectos_Xilinx/Procesador5_SinConexxion/UC.vhd \
      PB ieee/std_logic_1164 1364358218
AR work/UC/Behavioral 1527453482 \
      FL D:/Proyectos_Xilinx/Procesador5_SinConexxion/UC.vhd EN work/UC 1527453481
FL D:/Proyectos_Xilinx/Procesador5_SinConexxion/WindowsManager.vhd 2018/05/14.18:44:12 P.58f
EN work/WindowsManager 1527453495 \
      FL D:/Proyectos_Xilinx/Procesador5_SinConexxion/WindowsManager.vhd \
      PB ieee/std_logic_1164 1364358218 PB ieee/std_logic_arith 1364358219 \
      PB ieee/STD_LOGIC_UNSIGNED 1364358221
AR work/WindowsManager/arq_WM 1527453496 \
      FL D:/Proyectos_Xilinx/Procesador5_SinConexxion/WindowsManager.vhd \
      EN work/WindowsManager 1527453495
